token: [@0,0:2='int',<15>,1:0]
token: [@1,4:7='main',<44>,1:4]
token: [@2,8:8='(',<20>,1:8]
token: [@3,9:9=')',<21>,1:9]
token: [@4,11:11='{',<24>,2:0]
token: [@5,17:19='int',<15>,3:4]
token: [@6,21:21='a',<44>,3:8]
token: [@7,23:23='=',<40>,3:10]
token: [@8,25:25='0',<45>,3:12]
token: [@9,26:26='x',<44>,3:13]
token: [@10,27:27=';',<38>,3:14]
token: [@11,33:38='return',<16>,4:4]
token: [@12,40:40='a',<44>,4:11]
token: [@13,41:41=';',<38>,4:12]
token: [@14,43:43='}',<25>,5:0]
token: [@15,44:43='<EOF>',<-1>,5:1]
tree: (compUnit (funcDef (funcType (btype int)) main ( ) (block { (blockItem (decl (varDecl (btype int) (varDef a = (constInitVal (constExp (number 0)))) x ;))) (blockItem (stmt return (exp (addExp (mulExp (unaryExp (primaryExp (lVal a)))))) ;)) })) <EOF>)
