token: [@0,0:2='int',<15>,1:0]
token: [@1,4:7='main',<44>,1:4]
token: [@2,8:8='(',<20>,1:8]
token: [@3,9:9=')',<21>,1:9]
token: [@4,10:10='{',<24>,1:10]
token: [@5,17:19='int',<15>,2:4]
token: [@6,21:21='a',<44>,2:8]
token: [@7,22:22='[',<22>,2:9]
token: [@8,23:23='3',<45>,2:10]
token: [@9,24:24='}',<25>,2:11]
token: [@10,26:26='=',<40>,2:13]
token: [@11,28:28=']',<23>,2:15]
token: [@12,29:29='2',<45>,2:16]
token: [@13,30:30=']',<23>,2:17]
token: [@14,31:31=';',<38>,2:18]
token: [@15,38:43='return',<16>,3:4]
token: [@16,45:45='0',<45>,3:11]
token: [@17,46:46=';',<38>,3:12]
token: [@18,49:49='}',<25>,4:0]
token: [@19,50:49='<EOF>',<-1>,4:1]
tree: (compUnit (funcDef (funcType (btype int)) main ( ) (block { (blockItem (decl (varDecl (btype int) (varDef a [ 3) <missing ';'>))) })) = ] 2 ] ; return 0 ; } <EOF>)
