token: [@0,0:2='int',<15>,1:0]
token: [@1,4:7='main',<44>,1:4]
token: [@2,8:8='(',<20>,1:8]
token: [@3,9:9=')',<21>,1:9]
token: [@4,11:11='{',<24>,2:0]
token: [@5,14:16='int',<15>,3:1]
token: [@6,18:18='a',<44>,3:5]
token: [@7,20:20='=',<40>,3:7]
token: [@8,22:22='0',<45>,3:9]
token: [@9,23:23=';',<38>,3:10]
token: [@10,26:28='int',<15>,4:1]
token: [@11,30:30='b',<44>,4:5]
token: [@12,31:31='[',<22>,4:6]
token: [@13,32:32='2',<45>,4:7]
token: [@14,33:33=']',<23>,4:8]
token: [@15,34:34='[',<22>,4:9]
token: [@16,35:35='2',<45>,4:10]
token: [@17,36:36=']',<23>,4:11]
token: [@18,38:38='=',<40>,4:13]
token: [@19,40:40='{',<24>,4:15]
token: [@20,41:41='1',<45>,4:16]
token: [@21,42:42=',',<39>,4:17]
token: [@22,44:44='2',<45>,4:19]
token: [@23,45:45=',',<39>,4:20]
token: [@24,47:47='3',<45>,4:22]
token: [@25,48:48=',',<39>,4:23]
token: [@26,50:50='4',<45>,4:25]
token: [@27,51:51='}',<25>,4:26]
token: [@28,52:52=';',<38>,4:27]
token: [@29,55:60='return',<16>,5:1]
token: [@30,62:62='a',<44>,5:8]
token: [@31,63:63=';',<38>,5:9]
token: [@32,65:65='}',<25>,6:0]
token: [@33,67:66='<EOF>',<-1>,7:0]
tree: (compUnit (funcDef (funcType (btype int)) main ( ) (block { (blockItem (decl (varDecl (btype int) (varDef a = (constInitVal (constExp (number 0)))) ;))) (blockItem (decl (varDecl (btype int) (varDef b [ 2 ] [ 2 ] = (constInitVal { (constInitVal (constExp (number 1))) , (constInitVal (constExp (number 2))) , (constInitVal (constExp (number 3))) , (constInitVal (constExp (number 4))) })) ;))) (blockItem (stmt return (exp (addExp (mulExp (unaryExp (primaryExp (lVal a)))))) ;)) })) <EOF>)
