token: [@0,0:2='int',<15>,1:0]
token: [@1,4:4='a',<44>,1:4]
token: [@2,6:6='=',<40>,1:6]
token: [@3,8:8='0',<45>,1:8]
token: [@4,9:9=';',<38>,1:9]
token: [@5,11:11='a',<44>,2:0]
token: [@6,13:13='=',<40>,2:2]
token: [@7,15:15='7',<45>,2:4]
token: [@8,17:17='/',<33>,2:6]
token: [@9,19:19='2',<45>,2:8]
token: [@10,20:20=';',<38>,2:9]
token: [@11,22:24='int',<15>,3:0]
token: [@12,26:29='main',<44>,3:4]
token: [@13,30:30='(',<20>,3:8]
token: [@14,31:31=')',<21>,3:9]
token: [@15,33:33='{',<24>,4:0]
token: [@16,36:41='return',<16>,5:1]
token: [@17,43:43='0',<45>,5:8]
token: [@18,44:44=';',<38>,5:9]
token: [@19,46:46='}',<25>,6:0]
token: [@20,48:47='<EOF>',<-1>,7:0]
tree: (compUnit (decl (varDecl (btype int) (varDef a = (constInitVal (constExp (number 0)))) ;)) a = 7 / 2 ; (funcDef (funcType (btype int)) main ( ) (block { (blockItem (stmt return (exp (addExp (mulExp (unaryExp (primaryExp (number 0)))))) ;)) })) <EOF>)
