token: [@0,0:2='int',<15>,1:0]
token: [@1,4:7='main',<44>,1:4]
token: [@2,8:8='(',<20>,1:8]
token: [@3,9:9=')',<21>,1:9]
token: [@4,11:11='{',<24>,2:0]
token: [@5,14:16='int',<15>,3:1]
token: [@6,18:18='i',<44>,3:5]
token: [@7,20:20='=',<40>,3:7]
token: [@8,24:24='a',<44>,3:11]
token: [@9,29:34='return',<16>,4:1]
token: [@10,36:36='0',<45>,4:8]
token: [@11,37:37=';',<38>,4:9]
token: [@12,39:39='}',<25>,5:0]
token: [@13,41:40='<EOF>',<-1>,6:0]
tree: (compUnit (funcDef (funcType (btype int)) main ( ) (block { (blockItem (decl (varDecl (btype int) (varDef i = constInitVal) <missing ';'>))) (blockItem stmt) (blockItem (stmt a)) (blockItem (stmt return (exp (addExp (mulExp (unaryExp (primaryExp (number 0)))))) ;)) })) <EOF>)
