token: [@0,0:2='int',<15>,1:0]
token: [@1,4:7='main',<44>,1:4]
token: [@2,8:8='(',<20>,1:8]
token: [@3,9:9=')',<21>,1:9]
token: [@4,11:11='{',<24>,2:0]
token: [@5,14:16='int',<15>,3:1]
token: [@6,18:18='7',<45>,3:5]
token: [@7,19:19='j',<44>,3:6]
token: [@8,21:21='=',<40>,3:8]
token: [@9,23:23='5',<45>,3:10]
token: [@10,24:24=';',<38>,3:11]
token: [@11,27:32='return',<16>,4:1]
token: [@12,34:34='7',<45>,4:8]
token: [@13,35:35='j',<44>,4:9]
token: [@14,36:36=';',<38>,4:10]
token: [@15,38:38='}',<25>,5:0]
token: [@16,40:39='<EOF>',<-1>,6:0]
tree: (compUnit (funcDef (funcType (btype int)) main ( ) (block { (blockItem (decl (varDecl (btype int) (varDef 7 j = (constInitVal (constExp (number 5)))) ;))) (blockItem (stmt return (exp (addExp (mulExp (unaryExp (primaryExp (number 7)))))) j ;)) })) <EOF>)
