token: [@0,0:2='int',<15>,1:0]
token: [@1,4:7='main',<44>,1:4]
token: [@2,8:8='(',<20>,1:8]
token: [@3,9:9=')',<21>,1:9]
token: [@4,11:11='{',<24>,2:0]
token: [@5,14:18='float',<13>,3:1]
token: [@6,20:20='a',<44>,3:7]
token: [@7,21:21='[',<22>,3:8]
token: [@8,22:23='10',<45>,3:9]
token: [@9,24:24=']',<23>,3:11]
token: [@10,25:25=';',<38>,3:12]
token: [@11,28:28='a',<44>,4:1]
token: [@12,29:29='[',<22>,4:2]
token: [@13,30:30='2',<45>,4:3]
token: [@14,31:31=',',<39>,4:4]
token: [@15,33:33='4',<45>,4:6]
token: [@16,34:34=']',<23>,4:7]
token: [@17,36:36='=',<40>,4:9]
token: [@18,38:40='4.0',<47>,4:11]
token: [@19,41:41=';',<38>,4:14]
token: [@20,44:49='return',<16>,5:1]
token: [@21,51:51='0',<45>,5:8]
token: [@22,52:52=';',<38>,5:9]
token: [@23,54:54='}',<25>,6:0]
token: [@24,56:55='<EOF>',<-1>,7:0]
tree: (compUnit (funcDef (funcType (btype int)) main ( ) (block { (blockItem (decl (varDecl (btype float) (varDef a [ 10 ]) ;))) (blockItem stmt) (blockItem (stmt a [)) (blockItem (stmt (exp (addExp (mulExp (unaryExp (primaryExp (number 2)))))) ,)) (blockItem (stmt (exp (addExp (mulExp (unaryExp (primaryExp (number 4)))))) ] =)) (blockItem (stmt (exp (addExp (mulExp (unaryExp (primaryExp (number 4.0)))))) ;)) (blockItem (stmt return (exp (addExp (mulExp (unaryExp (primaryExp (number 0)))))) ;)) })) <EOF>)
