token: [@0,0:2='int',<15>,1:0]
token: [@1,4:4='a',<44>,1:4]
token: [@2,5:5='[',<22>,1:5]
token: [@3,6:6='4',<45>,1:6]
token: [@4,7:7=']',<23>,1:7]
token: [@5,9:9='=',<40>,1:9]
token: [@6,11:11='{',<24>,1:11]
token: [@7,12:12='}',<25>,1:12]
token: [@8,13:13=';',<38>,1:13]
token: [@9,16:18='int',<15>,3:0]
token: [@10,20:23='main',<44>,3:4]
token: [@11,24:24='(',<20>,3:8]
token: [@12,25:25=')',<21>,3:9]
token: [@13,27:27='{',<24>,4:0]
token: [@14,30:32='int',<15>,5:1]
token: [@15,34:34='i',<44>,5:5]
token: [@16,35:35=',',<39>,5:6]
token: [@17,37:37='j',<44>,5:8]
token: [@18,38:38=';',<38>,5:9]
token: [@19,41:41='i',<44>,6:1]
token: [@20,43:43='=',<40>,6:3]
token: [@21,45:45='i',<44>,6:5]
token: [@22,47:47='+',<30>,6:7]
token: [@23,49:49='1',<45>,6:9]
token: [@24,50:50=';',<38>,6:10]
token: [@25,53:53='j',<44>,7:1]
token: [@26,55:55='=',<40>,7:3]
token: [@27,57:63='get_int',<44>,7:5]
token: [@28,64:64='(',<20>,7:12]
token: [@29,65:65=')',<21>,7:13]
token: [@30,66:66=';',<38>,7:14]
token: [@31,69:74='return',<16>,8:1]
token: [@32,76:76='i',<44>,8:8]
token: [@33,77:77=';',<38>,8:9]
token: [@34,79:79='}',<25>,9:0]
token: [@35,81:80='<EOF>',<-1>,10:0]
tree: (compUnit (decl (varDecl (btype int) (varDef a [ 4 ] = (constInitVal { })) ;)) (funcDef (funcType (btype int)) main ( ) (block { (blockItem (decl (varDecl (btype int) (varDef i) , (varDef j) ;))) (blockItem (stmt (lVal i) = (exp (addExp (mulExp (unaryExp (primaryExp (lVal i)))) + (mulExp (unaryExp (primaryExp (number 1)))))) ;)) (blockItem (stmt (lVal j) = (exp (addExp (mulExp (unaryExp get_int ( ))))) ;)) (blockItem (stmt return (exp (addExp (mulExp (unaryExp (primaryExp (lVal i)))))) ;)) })) <EOF>)
