token: [@0,0:2='int',<15>,1:0]
token: [@1,4:4='a',<44>,1:4]
token: [@2,6:6='=',<40>,1:6]
token: [@3,8:8='2',<45>,1:8]
token: [@4,9:9=';',<38>,1:9]
token: [@5,12:14='int',<15>,3:0]
token: [@6,16:18='foo',<44>,3:4]
token: [@7,19:19='(',<20>,3:7]
token: [@8,20:22='int',<15>,3:8]
token: [@9,24:24='a',<44>,3:12]
token: [@10,25:25=',',<39>,3:13]
token: [@11,27:29='int',<15>,3:15]
token: [@12,31:31='b',<44>,3:19]
token: [@13,32:32='[',<22>,3:20]
token: [@14,33:33=']',<23>,3:21]
token: [@15,34:34='[',<22>,3:22]
token: [@16,35:35='3',<45>,3:23]
token: [@17,36:36=']',<23>,3:24]
token: [@18,37:37=')',<21>,3:25]
token: [@19,39:39='{',<24>,4:0]
token: [@20,42:47='return',<16>,5:1]
token: [@21,49:49='a',<44>,5:8]
token: [@22,50:50=';',<38>,5:9]
token: [@23,52:52='}',<25>,6:0]
token: [@24,55:57='int',<15>,8:0]
token: [@25,59:62='main',<44>,8:4]
token: [@26,63:63='(',<20>,8:8]
token: [@27,64:64=')',<21>,8:9]
token: [@28,66:66='{',<24>,9:0]
token: [@29,69:74='return',<16>,10:1]
token: [@30,76:76='a',<44>,10:8]
token: [@31,77:77=';',<38>,10:9]
token: [@32,79:79='}',<25>,11:0]
token: [@33,81:80='<EOF>',<-1>,12:0]
tree: (compUnit (decl (varDecl (btype int) (varDef a = (constInitVal (constExp (number 2)))) ;)) (funcDef (funcType (btype int)) foo ( (funcFParams (funcFParam (btype int) a) , (funcFParam (btype int) b [ ] [ 3 ])) ) (block { (blockItem (stmt return (exp (addExp (mulExp (unaryExp (primaryExp (lVal a)))))) ;)) })) (funcDef (funcType (btype int)) main ( ) (block { (blockItem (stmt return (exp (addExp (mulExp (unaryExp (primaryExp (lVal a)))))) ;)) })) <EOF>)
