token: [@0,0:2='int',<15>,1:0]
token: [@1,4:7='main',<44>,1:4]
token: [@2,8:8='(',<20>,1:8]
token: [@3,9:9=')',<21>,1:9]
token: [@4,11:11='{',<24>,2:0]
token: [@5,17:19='int',<15>,3:4]
token: [@6,21:21='a',<44>,3:8]
token: [@7,23:23='=',<40>,3:10]
token: [@8,25:25='2',<45>,3:12]
token: [@9,27:27='*',<32>,3:14]
token: [@10,29:29='3',<45>,3:16]
token: [@11,30:30=';',<38>,3:17]
token: [@12,36:41='return',<16>,4:4]
token: [@13,43:43='a',<44>,4:11]
token: [@14,44:44=';',<38>,4:12]
token: [@15,46:46='}',<25>,5:0]
token: [@16,47:46='<EOF>',<-1>,5:1]
tree: (compUnit (funcDef (funcType (btype int)) main ( ) (block { (blockItem (decl (varDecl (btype int) (varDef a = (constInitVal (constExp (number 2)))) *))) (blockItem (stmt (exp (addExp (mulExp (unaryExp (primaryExp (number 3)))))) ;)) (blockItem (stmt return (exp (addExp (mulExp (unaryExp (primaryExp (lVal a)))))) ;)) })) <EOF>)
